[0m06:47:37.206994 [debug] [MainThread]: Sending event: {'category': 'dbt', 'action': 'invocation', 'label': 'start', 'context': [<snowplow_tracker.self_describing_json.SelfDescribingJson object at 0x000002C3BB17B770>, <snowplow_tracker.self_describing_json.SelfDescribingJson object at 0x000002C3BC5FBD90>, <snowplow_tracker.self_describing_json.SelfDescribingJson object at 0x000002C3BC5FB890>]}


============================== 06:47:37.214650 | 404c482b-b7b6-4a09-8589-ceb4c2eb1158 ==============================
[0m06:47:37.214650 [info ] [MainThread]: Running with dbt=1.11.7
[0m06:47:37.215334 [debug] [MainThread]: running dbt with arguments {'static_parser': 'True', 'no_print': 'None', 'version_check': 'True', 'warn_error_options': 'WarnErrorOptionsV2(error=[], warn=[], silence=[])', 'target_path': 'None', 'printer_width': '80', 'write_json': 'True', 'introspect': 'True', 'log_cache_events': 'False', 'empty': 'None', 'cache_selected_only': 'False', 'fail_fast': 'False', 'debug': 'False', 'log_format': 'default', 'partial_parse': 'True', 'send_anonymous_usage_stats': 'True', 'quiet': 'False', 'warn_error': 'None', 'profiles_dir': 'C:\\Users\\pavan\\.dbt', 'invocation_command': 'dbt init --skip-profile-setup airbnb', 'use_colors': 'True', 'indirect_selection': 'eager', 'use_experimental_parser': 'False', 'log_path': 'logs'}
[0m06:47:37.329395 [info ] [MainThread]: Creating dbt configuration folder at C:\Users\pavan\.dbt
[0m06:47:37.333257 [debug] [MainThread]: Starter project path: C:\Users\pavan\OneDrive\Desktop\dbt-student-repo\.venv\Lib\site-packages\dbt\include\starter_project
[0m06:47:37.350076 [info ] [MainThread]: 
Your new dbt project "airbnb" was created!

For more information on how to configure the profiles.yml file,
please consult the dbt documentation here:

  https://docs.getdbt.com/docs/configure-your-profile

One more thing:

Need help? Don't hesitate to reach out to us via GitHub issues or on Slack:

  https://community.getdbt.com/

Happy modeling!

[0m06:47:37.351772 [debug] [MainThread]: Command `dbt init` succeeded at 06:47:37.351599 after 0.58 seconds
[0m06:47:37.352108 [debug] [MainThread]: Sending event: {'category': 'dbt', 'action': 'invocation', 'label': 'end', 'context': [<snowplow_tracker.self_describing_json.SelfDescribingJson object at 0x000002C3BDBAC050>, <snowplow_tracker.self_describing_json.SelfDescribingJson object at 0x000002C3BD6827B0>, <snowplow_tracker.self_describing_json.SelfDescribingJson object at 0x000002C3BC487460>]}
[0m06:47:37.352439 [debug] [MainThread]: Flushing usage events
[0m06:47:37.881497 [debug] [MainThread]: An error was encountered while trying to flush usage events
[0m06:33:22.456144 [debug] [MainThread]: Sending event: {'category': 'dbt', 'action': 'invocation', 'label': 'start', 'context': [<snowplow_tracker.self_describing_json.SelfDescribingJson object at 0x000002405432B770>, <snowplow_tracker.self_describing_json.SelfDescribingJson object at 0x00000240557A3D90>, <snowplow_tracker.self_describing_json.SelfDescribingJson object at 0x00000240557A3890>]}


============================== 06:33:22.466156 | e32bba04-5b2b-440a-a658-e4cfe0a2a12a ==============================
[0m06:33:22.466156 [info ] [MainThread]: Running with dbt=1.11.7
[0m06:33:22.466979 [debug] [MainThread]: running dbt with arguments {'static_parser': 'True', 'no_print': 'None', 'version_check': 'True', 'target_path': 'None', 'warn_error_options': 'WarnErrorOptionsV2(error=[], warn=[], silence=[])', 'printer_width': '80', 'write_json': 'True', 'empty': 'False', 'log_cache_events': 'False', 'introspect': 'True', 'cache_selected_only': 'False', 'fail_fast': 'False', 'debug': 'False', 'log_format': 'default', 'partial_parse': 'True', 'send_anonymous_usage_stats': 'True', 'quiet': 'False', 'warn_error': 'None', 'profiles_dir': 'C:\\Users\\pavan\\.dbt', 'invocation_command': 'dbt run', 'indirect_selection': 'eager', 'use_colors': 'True', 'use_experimental_parser': 'False', 'log_path': 'logs'}
[0m06:33:22.467331 [error] [MainThread]: Encountered an error:
Runtime Error
  No dbt_project.yml found at expected path C:\Users\pavan\OneDrive\Desktop\dbt-student-repo\dbt_project.yml
  Verify that each entry within packages.yml (and their transitive dependencies) contains a file named dbt_project.yml
  
[0m06:33:22.468326 [debug] [MainThread]: Command `dbt run` failed at 06:33:22.468229 after 0.43 seconds
[0m06:33:22.468574 [debug] [MainThread]: Sending event: {'category': 'dbt', 'action': 'invocation', 'label': 'end', 'context': [<snowplow_tracker.self_describing_json.SelfDescribingJson object at 0x00000240567822C0>, <snowplow_tracker.self_describing_json.SelfDescribingJson object at 0x0000024055691FD0>, <snowplow_tracker.self_describing_json.SelfDescribingJson object at 0x0000024055623570>]}
[0m06:33:22.468838 [debug] [MainThread]: Flushing usage events
[0m06:33:22.953546 [debug] [MainThread]: An error was encountered while trying to flush usage events
[0m06:38:24.898426 [debug] [MainThread]: Sending event: {'category': 'dbt', 'action': 'invocation', 'label': 'start', 'context': [<snowplow_tracker.self_describing_json.SelfDescribingJson object at 0x000001D108E1B770>, <snowplow_tracker.self_describing_json.SelfDescribingJson object at 0x000001D10A29BD90>, <snowplow_tracker.self_describing_json.SelfDescribingJson object at 0x000001D10A29B890>]}


============================== 06:38:24.903583 | 7ed60852-b9b9-4fb9-bb3d-01a1a8182a43 ==============================
[0m06:38:24.903583 [info ] [MainThread]: Running with dbt=1.11.7
[0m06:38:24.904444 [debug] [MainThread]: running dbt with arguments {'static_parser': 'True', 'no_print': 'None', 'version_check': 'True', 'warn_error_options': 'WarnErrorOptionsV2(error=[], warn=[], silence=[])', 'target_path': 'None', 'printer_width': '80', 'write_json': 'True', 'empty': 'None', 'log_cache_events': 'False', 'introspect': 'True', 'cache_selected_only': 'False', 'fail_fast': 'False', 'debug': 'False', 'log_format': 'default', 'profiles_dir': 'C:\\Users\\pavan\\.dbt', 'send_anonymous_usage_stats': 'True', 'quiet': 'False', 'warn_error': 'None', 'partial_parse': 'True', 'indirect_selection': 'eager', 'invocation_command': 'dbt debug', 'use_colors': 'True', 'use_experimental_parser': 'False', 'log_path': 'logs'}
[0m06:38:24.914290 [info ] [MainThread]: dbt version: 1.11.7
[0m06:38:24.915046 [info ] [MainThread]: python version: 3.13.15
[0m06:38:24.915743 [info ] [MainThread]: python path: C:\Users\pavan\OneDrive\Desktop\dbt-student-repo\.venv\Scripts\python.exe
[0m06:38:24.916335 [info ] [MainThread]: os info: Windows-11-10.0.26300-SP0
[0m06:38:24.916989 [info ] [MainThread]: Using profiles dir at C:\Users\pavan\.dbt
[0m06:38:24.917617 [info ] [MainThread]: Using profiles.yml file at C:\Users\pavan\.dbt\profiles.yml
[0m06:38:24.918090 [info ] [MainThread]: Using dbt_project.yml file at C:\Users\pavan\OneDrive\Desktop\dbt-student-repo\dbt_project.yml
[0m06:38:24.918603 [info ] [MainThread]: Configuration:
[0m06:38:24.919174 [info ] [MainThread]:   profiles.yml file [[31mERROR not found[0m]
[0m06:38:24.919727 [info ] [MainThread]:   dbt_project.yml file [[31mERROR not found[0m]
[0m06:38:24.920382 [info ] [MainThread]: Required dependencies:
[0m06:38:24.920956 [debug] [MainThread]: Executing "git --help"
[0m06:38:24.972191 [debug] [MainThread]: STDOUT: "b"usage: git [-v | --version] [-h | --help] [-C <path>] [-c <name>=<value>]\n           [--exec-path[=<path>]] [--html-path] [--man-path] [--info-path]\n           [-p | --paginate | -P | --no-pager] [--no-replace-objects] [--no-lazy-fetch]\n           [--no-optional-locks] [--no-advice] [--bare] [--git-dir=<path>]\n           [--work-tree=<path>] [--namespace=<name>] [--config-env=<name>=<envvar>]\n           <command> [<args>]\n\nThese are common Git commands used in various situations:\n\nstart a working area (see also: git help tutorial)\n   clone      Clone a repository into a new directory\n   init       Create an empty Git repository or reinitialize an existing one\n\nwork on the current change (see also: git help everyday)\n   add        Add file contents to the index\n   mv         Move or rename a file, a directory, or a symlink\n   restore    Restore working tree files\n   rm         Remove files from the working tree and from the index\n\nexamine the history and state (see also: git help revisions)\n   bisect     Use binary search to find the commit that introduced a bug\n   diff       Show changes between commits, commit and working tree, etc\n   grep       Print lines matching a pattern\n   log        Show commit logs\n   show       Show various types of objects\n   status     Show the working tree status\n\ngrow, mark and tweak your common history\n   backfill   Download missing objects in a partial clone\n   branch     List, create, or delete branches\n   commit     Record changes to the repository\n   history    EXPERIMENTAL: Rewrite history\n   merge      Join two or more development histories together\n   rebase     Reapply commits on top of another base tip\n   reset      Set `HEAD` or the index to a known state\n   switch     Switch branches\n   tag        Create, list, delete or verify tags\n\ncollaborate (see also: git help workflows)\n   fetch      Download objects and refs from another repository\n   pull       Fetch from and integrate with another repository or a local branch\n   push       Update remote refs along with associated objects\n\n'git help -a' and 'git help -g' list available subcommands and some\nconcept guides. See 'git help <command>' or 'git help <concept>'\nto read about a specific subcommand or concept.\nSee 'git help git' for an overview of the system.\n""
[0m06:38:24.973279 [debug] [MainThread]: STDERR: "b''"
[0m06:38:24.973918 [info ] [MainThread]:  - git [[32mOK found[0m]

[0m06:38:24.974396 [info ] [MainThread]: Connection test skipped since no profile was found
[0m06:38:24.974812 [info ] [MainThread]: [31m2 checks failed:[0m
[0m06:38:24.975135 [info ] [MainThread]: dbt looked for a profiles.yml file in C:\Users\pavan\.dbt\profiles.yml, but did
not find one. For more information on configuring your profile, consult the
documentation:

https://docs.getdbt.com/docs/configure-your-profile


[0m06:38:24.975372 [info ] [MainThread]: Project loading failed for the following reason:
 project path <C:\Users\pavan\OneDrive\Desktop\dbt-student-repo\dbt_project.yml> not found

[0m06:38:24.976089 [debug] [MainThread]: Command `dbt debug` failed at 06:38:24.975987 after 0.21 seconds
[0m06:38:24.976370 [debug] [MainThread]: Sending event: {'category': 'dbt', 'action': 'invocation', 'label': 'end', 'context': [<snowplow_tracker.self_describing_json.SelfDescribingJson object at 0x000001D10A2AB490>, <snowplow_tracker.self_describing_json.SelfDescribingJson object at 0x000001D10A191D90>, <snowplow_tracker.self_describing_json.SelfDescribingJson object at 0x000001D10A123AC0>]}
[0m06:38:24.976658 [debug] [MainThread]: Flushing usage events
[0m06:38:25.485486 [debug] [MainThread]: An error was encountered while trying to flush usage events
[0m06:39:08.550444 [debug] [MainThread]: Sending event: {'category': 'dbt', 'action': 'invocation', 'label': 'start', 'context': [<snowplow_tracker.self_describing_json.SelfDescribingJson object at 0x000001D507927770>, <snowplow_tracker.self_describing_json.SelfDescribingJson object at 0x000001D508D7BD90>, <snowplow_tracker.self_describing_json.SelfDescribingJson object at 0x000001D508D7B890>]}


============================== 06:39:08.554488 | 3336e925-693b-4521-b70e-4a6609d628a6 ==============================
[0m06:39:08.554488 [info ] [MainThread]: Running with dbt=1.11.7
[0m06:39:08.555304 [debug] [MainThread]: running dbt with arguments {'static_parser': 'True', 'no_print': 'None', 'version_check': 'True', 'warn_error_options': 'WarnErrorOptionsV2(error=[], warn=[], silence=[])', 'target_path': 'None', 'printer_width': '80', 'write_json': 'True', 'empty': 'None', 'log_cache_events': 'False', 'introspect': 'True', 'cache_selected_only': 'False', 'log_format': 'default', 'debug': 'False', 'fail_fast': 'False', 'partial_parse': 'True', 'send_anonymous_usage_stats': 'True', 'quiet': 'False', 'warn_error': 'None', 'profiles_dir': 'C:\\Users\\pavan\\.dbt', 'indirect_selection': 'eager', 'use_colors': 'True', 'invocation_command': 'dbt debug', 'use_experimental_parser': 'False', 'log_path': 'logs'}
[0m06:39:08.568514 [info ] [MainThread]: dbt version: 1.11.7
[0m06:39:08.569627 [info ] [MainThread]: python version: 3.13.15
[0m06:39:08.570180 [info ] [MainThread]: python path: C:\Users\pavan\OneDrive\Desktop\dbt-student-repo\.venv\Scripts\python.exe
[0m06:39:08.570667 [info ] [MainThread]: os info: Windows-11-10.0.26300-SP0
[0m06:39:08.571094 [info ] [MainThread]: Using profiles dir at C:\Users\pavan\.dbt
[0m06:39:08.571474 [info ] [MainThread]: Using profiles.yml file at C:\Users\pavan\.dbt\profiles.yml
[0m06:39:08.571852 [info ] [MainThread]: Using dbt_project.yml file at C:\Users\pavan\OneDrive\Desktop\dbt-student-repo\dbt_project.yml
[0m06:39:08.572258 [info ] [MainThread]: Configuration:
[0m06:39:08.572661 [info ] [MainThread]:   profiles.yml file [[31mERROR not found[0m]
[0m06:39:08.572980 [info ] [MainThread]:   dbt_project.yml file [[31mERROR not found[0m]
[0m06:39:08.573355 [info ] [MainThread]: Required dependencies:
[0m06:39:08.573756 [debug] [MainThread]: Executing "git --help"
[0m06:39:08.621766 [debug] [MainThread]: STDOUT: "b"usage: git [-v | --version] [-h | --help] [-C <path>] [-c <name>=<value>]\n           [--exec-path[=<path>]] [--html-path] [--man-path] [--info-path]\n           [-p | --paginate | -P | --no-pager] [--no-replace-objects] [--no-lazy-fetch]\n           [--no-optional-locks] [--no-advice] [--bare] [--git-dir=<path>]\n           [--work-tree=<path>] [--namespace=<name>] [--config-env=<name>=<envvar>]\n           <command> [<args>]\n\nThese are common Git commands used in various situations:\n\nstart a working area (see also: git help tutorial)\n   clone      Clone a repository into a new directory\n   init       Create an empty Git repository or reinitialize an existing one\n\nwork on the current change (see also: git help everyday)\n   add        Add file contents to the index\n   mv         Move or rename a file, a directory, or a symlink\n   restore    Restore working tree files\n   rm         Remove files from the working tree and from the index\n\nexamine the history and state (see also: git help revisions)\n   bisect     Use binary search to find the commit that introduced a bug\n   diff       Show changes between commits, commit and working tree, etc\n   grep       Print lines matching a pattern\n   log        Show commit logs\n   show       Show various types of objects\n   status     Show the working tree status\n\ngrow, mark and tweak your common history\n   backfill   Download missing objects in a partial clone\n   branch     List, create, or delete branches\n   commit     Record changes to the repository\n   history    EXPERIMENTAL: Rewrite history\n   merge      Join two or more development histories together\n   rebase     Reapply commits on top of another base tip\n   reset      Set `HEAD` or the index to a known state\n   switch     Switch branches\n   tag        Create, list, delete or verify tags\n\ncollaborate (see also: git help workflows)\n   fetch      Download objects and refs from another repository\n   pull       Fetch from and integrate with another repository or a local branch\n   push       Update remote refs along with associated objects\n\n'git help -a' and 'git help -g' list available subcommands and some\nconcept guides. See 'git help <command>' or 'git help <concept>'\nto read about a specific subcommand or concept.\nSee 'git help git' for an overview of the system.\n""
[0m06:39:08.622153 [debug] [MainThread]: STDERR: "b''"
[0m06:39:08.622516 [info ] [MainThread]:  - git [[32mOK found[0m]

[0m06:39:08.623049 [info ] [MainThread]: Connection test skipped since no profile was found
[0m06:39:08.623488 [info ] [MainThread]: [31m2 checks failed:[0m
[0m06:39:08.623836 [info ] [MainThread]: dbt looked for a profiles.yml file in C:\Users\pavan\.dbt\profiles.yml, but did
not find one. For more information on configuring your profile, consult the
documentation:

https://docs.getdbt.com/docs/configure-your-profile


[0m06:39:08.624247 [info ] [MainThread]: Project loading failed for the following reason:
 project path <C:\Users\pavan\OneDrive\Desktop\dbt-student-repo\dbt_project.yml> not found

[0m06:39:08.625021 [debug] [MainThread]: Command `dbt debug` failed at 06:39:08.624928 after 0.30 seconds
[0m06:39:08.625279 [debug] [MainThread]: Sending event: {'category': 'dbt', 'action': 'invocation', 'label': 'end', 'context': [<snowplow_tracker.self_describing_json.SelfDescribingJson object at 0x000001D508D8F490>, <snowplow_tracker.self_describing_json.SelfDescribingJson object at 0x000001D508C71D90>, <snowplow_tracker.self_describing_json.SelfDescribingJson object at 0x000001D508C0BAC0>]}
[0m06:39:08.625562 [debug] [MainThread]: Flushing usage events
[0m06:39:09.128069 [debug] [MainThread]: An error was encountered while trying to flush usage events
